pages/TrackingManagement.tsx(174,118): error TS1382: Unexpected token. Did you mean `{'>'}` or `&gt;`?
pages/TrackingManagement.tsx(174,132): error TS1382: Unexpected token. Did you mean `{'>'}` or `&gt;`?
